// Jest Snapshot v1, https://goo.gl/fbAQLP

exports[`Should render button correctly 1`] = `ShallowWrapper {}`;
